------------------------------------------------------------
TimeQuest Timing Analyzer Summary
------------------------------------------------------------

Type  : Slow Model Setup 'RESET'
Slack : -5.861
TNS   : -155.867

Type  : Slow Model Setup 'CLOCK'
Slack : -3.325
TNS   : -71.634

Type  : Slow Model Setup 'dec_command:inst4|FSM_dec_command:b2v_inst7|present_state.Decode_command'
Slack : -2.928
TNS   : -12.437

Type  : Slow Model Hold 'dec_command:inst4|FSM_dec_command:b2v_inst7|present_state.Decode_command'
Slack : -2.104
TNS   : -10.604

Type  : Slow Model Hold 'CLOCK'
Slack : 0.391
TNS   : 0.000

Type  : Slow Model Hold 'RESET'
Slack : 0.527
TNS   : 0.000

Type  : Slow Model Recovery 'CLOCK'
Slack : -0.349
TNS   : -2.094

Type  : Slow Model Removal 'CLOCK'
Slack : -0.049
TNS   : -0.637

Type  : Slow Model Minimum Pulse Width 'CLOCK'
Slack : -1.423
TNS   : -64.764

Type  : Slow Model Minimum Pulse Width 'RESET'
Slack : -1.380
TNS   : -39.380

Type  : Slow Model Minimum Pulse Width 'dec_command:inst4|FSM_dec_command:b2v_inst7|present_state.Decode_command'
Slack : 0.500
TNS   : 0.000

Type  : Fast Model Setup 'RESET'
Slack : -2.157
TNS   : -52.429

Type  : Fast Model Setup 'CLOCK'
Slack : -1.027
TNS   : -12.489

Type  : Fast Model Setup 'dec_command:inst4|FSM_dec_command:b2v_inst7|present_state.Decode_command'
Slack : -0.767
TNS   : -2.654

Type  : Fast Model Hold 'dec_command:inst4|FSM_dec_command:b2v_inst7|present_state.Decode_command'
Slack : -1.239
TNS   : -5.767

Type  : Fast Model Hold 'CLOCK'
Slack : 0.215
TNS   : 0.000

Type  : Fast Model Hold 'RESET'
Slack : 0.241
TNS   : 0.000

Type  : Fast Model Recovery 'CLOCK'
Slack : 0.143
TNS   : 0.000

Type  : Fast Model Removal 'CLOCK'
Slack : -0.030
TNS   : -0.390

Type  : Fast Model Minimum Pulse Width 'CLOCK'
Slack : -1.423
TNS   : -64.764

Type  : Fast Model Minimum Pulse Width 'RESET'
Slack : -1.380
TNS   : -39.380

Type  : Fast Model Minimum Pulse Width 'dec_command:inst4|FSM_dec_command:b2v_inst7|present_state.Decode_command'
Slack : 0.500
TNS   : 0.000

------------------------------------------------------------
